// Jest Snapshot v1, https://goo.gl/fbAQLP

exports[`Table package tests matches snapshot 1`] = `
<div>
  <h1>
    File Processing
  </h1>
</div>
`;
